Total instruction: 2
Total cycles: 34
IPC: 0.0588235
Total I-cache miss: 0
Total D-cache miss: 2
Total D-cache hit: 0
Total data hazard: 0
Total control hazard : 0
Total DRAM ROW BUFFER Hit: 0
Total DRAM ROW BUFFER Miss: 1
 Total Store-load forwarding: 0
