Total instruction: 288523
Total cycles: 1041831
IPC: 0.276938
Total I-cache miss: 0
Total D-cache miss: 4082
Total D-cache hit: 87636
Total data hazard: 93387
Total control hazard : 69375
Total DRAM ROW BUFFER Hit: 1883
Total DRAM ROW BUFFER Miss: 613
 Total Store-load forwarding: 4
